{"address":0,"codes":[1,99,59,2,0,42,149,2,0,142,149,2,0,54,150,2,0,154,150,2,0,90,151,2,0,190,151,2,0,180,152,2,1,24,152,154,153,154,153,96]}